=======================================
װ ˸ ũƮ մϴ. (۾ ٷ  1ȸ )
=======================================

[2026-03-27 10:56:05] װ   Ȯ ...
[2026-03-27 10:57:01]       ʾҰų ǿ  ʽϴ. ( ' ' )
=======================================
װ ˸ ũƮ մϴ. (۾ ٷ  1ȸ )
=======================================

[2026-03-27 10:57:17] װ   Ȯ ...
[2026-03-27 10:58:15]       ʾҰų ǿ  ʽϴ. ( ' ' )
=======================================
װ ˸ ũƮ մϴ. (۾ ٷ  1ȸ )
=======================================

[2026-03-27 15:00:01] װ   Ȯ ...
[2026-03-27 15:01:08]       ʾҰų ǿ  ʽϴ. ( ' ' )
=======================================
װ ˸ ũƮ մϴ. (۾ ٷ  1ȸ )
=======================================

[2026-03-30 09:00:07] װ   Ȯ ...
[2026-03-30 09:00:48]       ʾҰų ǿ  ʽϴ. ( ' ' )
=======================================
װ ˸ ũƮ մϴ. (۾ ٷ  1ȸ )
=======================================

[2026-03-30 10:00:01] װ   Ȯ ...
[2026-03-30 10:01:04]       ʾҰų ǿ  ʽϴ. ( ' ' )
=======================================
װ ˸ ũƮ մϴ. (۾ ٷ  1ȸ )
=======================================

[2026-03-30 15:00:02] װ   Ȯ ...
[2026-03-30 15:01:08]       ʾҰų ǿ  ʽϴ. ( ' ' )
=======================================
װ ˸ ũƮ մϴ. (۾ ٷ  1ȸ )
=======================================

[2026-03-31 09:00:03] װ   Ȯ ...
[2026-03-31 09:01:10]       ʾҰų ǿ  ʽϴ. ( ' ' )
=======================================
װ ˸ ũƮ մϴ. (۾ ٷ  1ȸ )
=======================================

[2026-03-31 10:00:06] װ   Ȯ ...
[2026-03-31 10:01:08]       ʾҰų ǿ  ʽϴ. ( ' ' )
=======================================
װ ˸ ũƮ մϴ. (۾ ٷ  1ȸ )
=======================================

[2026-03-31 15:00:06] װ   Ȯ ...
[2026-03-31 15:01:11]       ʾҰų ǿ  ʽϴ. ( ' ' )
=======================================
װ ˸ ũƮ մϴ. (۾ ٷ  1ȸ )
=======================================

[2026-04-01 09:00:07] װ   Ȯ ...
[2026-04-01 09:01:13]       ʾҰų ǿ  ʽϴ. ( ' ' )
=======================================
װ ˸ ũƮ մϴ. (۾ ٷ  1ȸ )
=======================================

[2026-04-01 10:00:02] װ   Ȯ ...
[2026-04-01 10:01:04]       ʾҰų ǿ  ʽϴ. ( ' ' )
=======================================
װ ˸ ũƮ մϴ. (۾ ٷ  1ȸ )
=======================================

[2026-04-01 15:00:03] װ   Ȯ ...
[2026-04-01 15:00:32]       ʾҰų ǿ  ʽϴ. ( ' ' )
=======================================
װ ˸ ũƮ մϴ. (۾ ٷ  1ȸ )
=======================================

[2026-04-02 10:00:02] װ   Ȯ ...
[2026-04-02 10:01:09]       ʾҰų ǿ  ʽϴ. ( ' ' )
=======================================
װ ˸ ũƮ մϴ. (۾ ٷ  1ȸ )
=======================================

[2026-04-02 15:00:02] װ   Ȯ ...
[2026-04-02 15:01:05]       ʾҰų ǿ  ʽϴ. ( ' ' )
=======================================
װ ˸ ũƮ մϴ. (۾ ٷ  1ȸ )
=======================================

[2026-04-03 10:00:02] װ   Ȯ ...
[2026-04-03 10:00:30]       ʾҰų ǿ  ʽϴ. ( ' ' )
=======================================
װ ˸ ũƮ մϴ. (۾ ٷ  1ȸ )
=======================================

[2026-04-03 15:00:02] װ   Ȯ ...
[2026-04-03 15:01:06]       ʾҰų ǿ  ʽϴ. ( ' ' )
^C=======================================
װ ˸ ũƮ մϴ. (۾ ٷ  1ȸ )
=======================================

[2026-04-07 15:00:02] װ   Ȯ ...
[2026-04-07 15:00:32]       ʾҰų ǿ  ʽϴ. ( ' ' )
=======================================
װ ˸ ũƮ մϴ. (۾ ٷ  1ȸ )
=======================================

[2026-04-08 10:00:02] װ   Ȯ ...
[2026-04-08 10:01:09]       ʾҰų ǿ  ʽϴ. ( ' ' )
=======================================
װ ˸ ũƮ մϴ. (۾ ٷ  1ȸ )
=======================================

[2026-04-08 15:00:03] װ   Ȯ ...
[2026-04-08 15:01:12]       ʾҰų ǿ  ʽϴ. ( ' ' )
=======================================
װ ˸ ũƮ մϴ. (۾ ٷ  1ȸ )
=======================================

[2026-04-09 10:00:03] װ   Ȯ ...
[2026-04-09 10:01:11]       ʾҰų ǿ  ʽϴ. ( ' ' )
=======================================
װ ˸ ũƮ մϴ. (۾ ٷ  1ȸ )
=======================================

[2026-04-09 15:00:02] װ   Ȯ ...
[2026-04-09 15:01:09]       ʾҰų ǿ  ʽϴ. ( ' ' )
=======================================
װ ˸ ũƮ մϴ. (۾ ٷ  1ȸ )
=======================================

[2026-04-10 10:00:02] װ   Ȯ ...
[2026-04-10 10:00:25]       ʾҰų ǿ  ʽϴ. ( ' ' )
^C=======================================
װ ˸ ũƮ մϴ. (۾ ٷ  1ȸ )
=======================================

[2026-04-13 10:00:02] װ   Ȯ ...
[2026-04-13 10:01:12]       ʾҰų ǿ  ʽϴ. ( ' ' )
=======================================
װ ˸ ũƮ մϴ. (۾ ٷ  1ȸ )
=======================================

[2026-04-13 15:00:02] װ   Ȯ ...
[2026-04-13 15:01:02]       ʾҰų ǿ  ʽϴ. ( ' ' )
=======================================
װ ˸ ũƮ մϴ. (۾ ٷ  1ȸ )
=======================================

[2026-04-14 10:00:02] װ   Ȯ ...
[2026-04-14 10:00:29]       ʾҰų ǿ  ʽϴ. ( ' ' )
=======================================
װ ˸ ũƮ մϴ. (۾ ٷ  1ȸ )
=======================================

[2026-04-14 15:00:02] װ   Ȯ ...
[2026-04-14 15:00:34]       ʾҰų ǿ  ʽϴ. ( ' ' )
=======================================
װ ˸ ũƮ մϴ. (۾ ٷ  1ȸ )
=======================================

[2026-04-15 10:00:06] װ   Ȯ ...
[2026-04-15 10:01:15]       ʾҰų ǿ  ʽϴ. ( ' ' )
=======================================
װ ˸ ũƮ մϴ. (۾ ٷ  1ȸ )
=======================================

[2026-04-15 15:00:02] װ   Ȯ ...
[2026-04-15 15:01:08]       ʾҰų ǿ  ʽϴ. ( ' ' )
=======================================
װ ˸ ũƮ մϴ. (۾ ٷ  1ȸ )
=======================================

[2026-04-16 10:00:02] װ   Ȯ ...
[2026-04-16 10:01:08]       ʾҰų ǿ  ʽϴ. ( ' ' )
=======================================
װ ˸ ũƮ մϴ. (۾ ٷ  1ȸ )
=======================================

[2026-04-21 10:00:03] װ   Ȯ ...
[2026-04-21 10:00:37]       ʾҰų ǿ  ʽϴ. ( ' ' )
=======================================
װ ˸ ũƮ մϴ. (۾ ٷ  1ȸ )
=======================================

[2026-04-21 15:00:01] װ   Ȯ ...
[2026-04-21 15:00:31]       ʾҰų ǿ  ʽϴ. ( ' ' )
=======================================
װ ˸ ũƮ մϴ. (۾ ٷ  1ȸ )
=======================================

[2026-04-22 10:00:05] װ   Ȯ ...
[2026-04-22 10:01:24]       ʾҰų ǿ  ʽϴ. ( ' ' )
  File "D:\OneDrive - 󳲵û\ ȭ\ذб\2026г⵵\antigravity_folder\flight_alert.py", line 75
    price_symbol = "??
                   ^
SyntaxError: unterminated string literal (detected at line 75)
[2026-04-23 10:00:02] װ  Ȯ ...
[2026-04-23 10:00:42]    װ ų ǿ  ʽϴ.
[2026-04-23 15:00:02] װ  Ȯ ...
[2026-04-23 15:01:09]    װ ų ǿ  ʽϴ.
[2026-04-24 10:00:01] װ  Ȯ ...
[2026-04-24 10:01:12]    װ ų ǿ  ʽϴ.
[2026-04-27 10:00:01] װ  Ȯ ...
[2026-04-27 10:01:08]    װ ų ǿ  ʽϴ.
[2026-04-27 15:00:01] װ  Ȯ ...
[2026-04-27 15:01:07]    װ ų ǿ  ʽϴ.
[2026-04-28 10:00:01] װ  Ȯ ...
[2026-04-28 10:00:25]    װ ų ǿ  ʽϴ.
[2026-04-28 15:00:01] װ  Ȯ ...
[2026-04-28 15:00:22]    װ ų ǿ  ʽϴ.
[2026-04-29 10:00:01] װ  Ȯ ...
[2026-04-29 10:01:08]    װ ų ǿ  ʽϴ.
[2026-04-29 15:00:01] װ  Ȯ ...
[2026-04-29 15:01:06]    װ ų ǿ  ʽϴ.
[2026-04-30 10:00:01] װ  Ȯ ...
[2026-04-30 10:00:24]    װ ų ǿ  ʽϴ.
[2026-04-30 15:00:01] װ  Ȯ ...
[2026-04-30 15:00:44]    װ ų ǿ  ʽϴ.
[2026-05-06 10:00:17] װ  Ȯ ...
[2026-05-06 10:01:09]    װ ų ǿ  ʽϴ.
[2026-05-06 15:00:00] װ  Ȯ ...
[2026-05-06 15:00:25]    װ ų ǿ  ʽϴ.
[2026-05-07 10:00:01] װ  Ȯ ...
[2026-05-07 10:00:42]    װ ų ǿ  ʽϴ.
[2026-05-07 15:00:00] װ  Ȯ ...
[2026-05-07 15:01:03]    װ ų ǿ  ʽϴ.
[2026-05-08 10:00:01] װ  Ȯ ...
[2026-05-08 10:01:07]    װ ų ǿ  ʽϴ.
[2026-05-08 15:00:01] װ  Ȯ ...
[2026-05-08 15:01:06]    װ ų ǿ  ʽϴ.
[2026-05-11 10:00:01] װ  Ȯ ...
[2026-05-11 10:01:10]    װ ų ǿ  ʽϴ.
[2026-05-11 15:00:00] װ  Ȯ ...
[2026-05-11 15:00:32]    װ ų ǿ  ʽϴ.
[2026-05-12 10:00:01] װ  Ȯ ...
[2026-05-12 10:01:11]    װ ų ǿ  ʽϴ.
[2026-05-12 15:00:02] װ  Ȯ ...
[2026-05-12 15:01:08]    װ ų ǿ  ʽϴ.
[2026-05-13 10:00:01] װ  Ȯ ...
[2026-05-13 10:01:07]    װ ų ǿ  ʽϴ.
[2026-05-13 15:00:01] װ  Ȯ ...
[2026-05-13 15:01:02]    װ ų ǿ  ʽϴ.
[2026-05-14 10:00:01] װ  Ȯ ...
[2026-05-14 10:01:08]    װ ų ǿ  ʽϴ.
[2026-05-14 15:00:01] װ  Ȯ ...
[2026-05-14 15:01:03]    װ ų ǿ  ʽϴ.
[2026-05-15 10:00:01] װ  Ȯ ...
[2026-05-15 10:00:28]    װ ų ǿ  ʽϴ.
[2026-05-15 15:00:01] װ  Ȯ ...
[2026-05-15 15:01:06]    װ ų ǿ  ʽϴ.
[2026-05-18 15:00:00] װ  Ȯ ...
[2026-05-18 15:00:27]    װ ų ǿ  ʽϴ.
[2026-05-19 10:00:01] װ  Ȯ ...
[2026-05-19 10:00:35]    װ ų ǿ  ʽϴ.
[2026-05-20 10:00:04] װ  Ȯ ...
[2026-05-20 10:00:51]    װ ų ǿ  ʽϴ.
[2026-05-20 15:00:01] װ  Ȯ ...
[2026-05-20 15:00:24]    װ ų ǿ  ʽϴ.
[2026-05-22 10:00:01] װ  Ȯ ...
[2026-05-22 10:00:24]    װ ų ǿ  ʽϴ.
[2026-05-22 15:00:02] װ  Ȯ ...
[2026-05-22 15:00:26]    װ ų ǿ  ʽϴ.
[2026-05-26 15:00:01] װ  ڵȭ ڿ  ӽ ߴܵǾϴ. (ٽ Ϸ Ʒ check_flights() ּ ϼ)
[2026-05-27 10:00:01] װ  ڵȭ ڿ  ӽ ߴܵǾϴ. (ٽ Ϸ Ʒ check_flights() ּ ϼ)
[2026-05-27 15:00:01] װ  ڵȭ ڿ  ӽ ߴܵǾϴ. (ٽ Ϸ Ʒ check_flights() ּ ϼ)
[2026-05-28 15:00:01] װ  ڵȭ ڿ  ӽ ߴܵǾϴ. (ٽ Ϸ Ʒ check_flights() ּ ϼ)
[2026-05-29 10:00:01] װ  ڵȭ ڿ  ӽ ߴܵǾϴ. (ٽ Ϸ Ʒ check_flights() ּ ϼ)
[2026-05-29 15:00:01] װ  ڵȭ ڿ  ӽ ߴܵǾϴ. (ٽ Ϸ Ʒ check_flights() ּ ϼ)
[2026-06-01 10:00:00] װ  ڵȭ ڿ  ӽ ߴܵǾϴ. (ٽ Ϸ Ʒ check_flights() ּ ϼ)
[2026-06-01 15:00:02] װ  ڵȭ ڿ  ӽ ߴܵǾϴ. (ٽ Ϸ Ʒ check_flights() ּ ϼ)
[2026-06-02 10:00:01] װ  ڵȭ ڿ  ӽ ߴܵǾϴ. (ٽ Ϸ Ʒ check_flights() ּ ϼ)
[2026-06-02 15:00:01] װ  ڵȭ ڿ  ӽ ߴܵǾϴ. (ٽ Ϸ Ʒ check_flights() ּ ϼ)
[2026-06-04 10:00:01] װ  ڵȭ ڿ  ӽ ߴܵǾϴ. (ٽ Ϸ Ʒ check_flights() ּ ϼ)
[2026-06-04 15:00:01] װ  ڵȭ ڿ  ӽ ߴܵǾϴ. (ٽ Ϸ Ʒ check_flights() ּ ϼ)
[2026-06-05 10:00:02] װ  ڵȭ ڿ  ӽ ߴܵǾϴ. (ٽ Ϸ Ʒ check_flights() ּ ϼ)
[2026-06-05 15:00:01] װ  ڵȭ ڿ  ӽ ߴܵǾϴ. (ٽ Ϸ Ʒ check_flights() ּ ϼ)
[2026-06-08 10:00:01] װ  ڵȭ ڿ  ӽ ߴܵǾϴ. (ٽ Ϸ Ʒ check_flights() ּ ϼ)
[2026-06-08 15:00:01] װ  ڵȭ ڿ  ӽ ߴܵǾϴ. (ٽ Ϸ Ʒ check_flights() ּ ϼ)
[2026-06-09 10:00:01] װ  ڵȭ ڿ  ӽ ߴܵǾϴ. (ٽ Ϸ Ʒ check_flights() ּ ϼ)
[2026-06-09 15:00:01] װ  ڵȭ ڿ  ӽ ߴܵǾϴ. (ٽ Ϸ Ʒ check_flights() ּ ϼ)
[2026-06-10 10:00:01] װ  ڵȭ ڿ  ӽ ߴܵǾϴ. (ٽ Ϸ Ʒ check_flights() ּ ϼ)
[2026-06-10 15:00:01] װ  ڵȭ ڿ  ӽ ߴܵǾϴ. (ٽ Ϸ Ʒ check_flights() ּ ϼ)
[2026-06-11 10:00:01] װ  ڵȭ ڿ  ӽ ߴܵǾϴ. (ٽ Ϸ Ʒ check_flights() ּ ϼ)
[2026-06-11 15:00:01] װ  ڵȭ ڿ  ӽ ߴܵǾϴ. (ٽ Ϸ Ʒ check_flights() ּ ϼ)
[2026-06-12 10:00:01] װ  ڵȭ ڿ  ӽ ߴܵǾϴ. (ٽ Ϸ Ʒ check_flights() ּ ϼ)
[2026-06-12 15:00:01] װ  ڵȭ ڿ  ӽ ߴܵǾϴ. (ٽ Ϸ Ʒ check_flights() ּ ϼ)
[2026-06-15 10:00:00] װ  ڵȭ ڿ  ӽ ߴܵǾϴ. (ٽ Ϸ Ʒ check_flights() ּ ϼ)
[2026-06-15 15:00:00] װ  ڵȭ ڿ  ӽ ߴܵǾϴ. (ٽ Ϸ Ʒ check_flights() ּ ϼ)
[2026-06-16 10:00:01] װ  ڵȭ ڿ  ӽ ߴܵǾϴ. (ٽ Ϸ Ʒ check_flights() ּ ϼ)
[2026-06-16 15:00:01] װ  ڵȭ ڿ  ӽ ߴܵǾϴ. (ٽ Ϸ Ʒ check_flights() ּ ϼ)
[2026-06-17 10:00:01] װ  ڵȭ ڿ  ӽ ߴܵǾϴ. (ٽ Ϸ Ʒ check_flights() ּ ϼ)
[2026-06-17 15:00:01] װ  ڵȭ ڿ  ӽ ߴܵǾϴ. (ٽ Ϸ Ʒ check_flights() ּ ϼ)
[2026-06-18 10:00:00] װ  ڵȭ ڿ  ӽ ߴܵǾϴ. (ٽ Ϸ Ʒ check_flights() ּ ϼ)
[2026-06-18 15:00:00] װ  ڵȭ ڿ  ӽ ߴܵǾϴ. (ٽ Ϸ Ʒ check_flights() ּ ϼ)
[2026-06-19 10:00:01] װ  ڵȭ ڿ  ӽ ߴܵǾϴ. (ٽ Ϸ Ʒ check_flights() ּ ϼ)
[2026-06-19 15:00:01] װ  ڵȭ ڿ  ӽ ߴܵǾϴ. (ٽ Ϸ Ʒ check_flights() ּ ϼ)
[2026-06-22 10:00:01] װ  ڵȭ ڿ  ӽ ߴܵǾϴ. (ٽ Ϸ Ʒ check_flights() ּ ϼ)
[2026-06-22 15:00:01] װ  ڵȭ ڿ  ӽ ߴܵǾϴ. (ٽ Ϸ Ʒ check_flights() ּ ϼ)
[2026-06-23 10:00:00] װ  ڵȭ ڿ  ӽ ߴܵǾϴ. (ٽ Ϸ Ʒ check_flights() ּ ϼ)
[2026-06-23 15:00:00] װ  ڵȭ ڿ  ӽ ߴܵǾϴ. (ٽ Ϸ Ʒ check_flights() ּ ϼ)
[2026-06-24 10:00:02] װ  ڵȭ ڿ  ӽ ߴܵǾϴ. (ٽ Ϸ Ʒ check_flights() ּ ϼ)
[2026-06-24 15:00:00] װ  ڵȭ ڿ  ӽ ߴܵǾϴ. (ٽ Ϸ Ʒ check_flights() ּ ϼ)
[2026-06-25 10:00:00] װ  ڵȭ ڿ  ӽ ߴܵǾϴ. (ٽ Ϸ Ʒ check_flights() ּ ϼ)
[2026-06-25 15:00:00] װ  ڵȭ ڿ  ӽ ߴܵǾϴ. (ٽ Ϸ Ʒ check_flights() ּ ϼ)
[2026-06-26 10:00:00] װ  ڵȭ ڿ  ӽ ߴܵǾϴ. (ٽ Ϸ Ʒ check_flights() ּ ϼ)
[2026-06-26 15:00:00] װ  ڵȭ ڿ  ӽ ߴܵǾϴ. (ٽ Ϸ Ʒ check_flights() ּ ϼ)
[2026-06-29 10:00:00] װ  ڵȭ ڿ  ӽ ߴܵǾϴ. (ٽ Ϸ Ʒ check_flights() ּ ϼ)
[2026-06-29 15:00:00] װ  ڵȭ ڿ  ӽ ߴܵǾϴ. (ٽ Ϸ Ʒ check_flights() ּ ϼ)
[2026-06-30 10:00:01] װ  ڵȭ ڿ  ӽ ߴܵǾϴ. (ٽ Ϸ Ʒ check_flights() ּ ϼ)
[2026-07-01 10:00:02] װ  ڵȭ ڿ  ӽ ߴܵǾϴ. (ٽ Ϸ Ʒ check_flights() ּ ϼ)
[2026-07-01 15:00:01] װ  ڵȭ ڿ  ӽ ߴܵǾϴ. (ٽ Ϸ Ʒ check_flights() ּ ϼ)
[2026-07-02 10:00:01] װ  ڵȭ ڿ  ӽ ߴܵǾϴ. (ٽ Ϸ Ʒ check_flights() ּ ϼ)
[2026-07-02 15:00:01] װ  ڵȭ ڿ  ӽ ߴܵǾϴ. (ٽ Ϸ Ʒ check_flights() ּ ϼ)
[2026-07-03 10:00:01] װ  ڵȭ ڿ  ӽ ߴܵǾϴ. (ٽ Ϸ Ʒ check_flights() ּ ϼ)
[2026-07-03 15:00:01] װ  ڵȭ ڿ  ӽ ߴܵǾϴ. (ٽ Ϸ Ʒ check_flights() ּ ϼ)
[2026-07-06 10:00:01] װ  ڵȭ ڿ  ӽ ߴܵǾϴ. (ٽ Ϸ Ʒ check_flights() ּ ϼ)
[2026-07-06 15:00:00] װ  ڵȭ ڿ  ӽ ߴܵǾϴ. (ٽ Ϸ Ʒ check_flights() ּ ϼ)
[2026-07-07 10:00:00] װ  ڵȭ ڿ  ӽ ߴܵǾϴ. (ٽ Ϸ Ʒ check_flights() ּ ϼ)
[2026-07-07 15:00:00] װ  ڵȭ ڿ  ӽ ߴܵǾϴ. (ٽ Ϸ Ʒ check_flights() ּ ϼ)
[2026-07-08 10:00:01] װ  ڵȭ ڿ  ӽ ߴܵǾϴ. (ٽ Ϸ Ʒ check_flights() ּ ϼ)
[2026-07-08 15:00:01] װ  ڵȭ ڿ  ӽ ߴܵǾϴ. (ٽ Ϸ Ʒ check_flights() ּ ϼ)
[2026-07-09 10:00:01] װ  ڵȭ ڿ  ӽ ߴܵǾϴ. (ٽ Ϸ Ʒ check_flights() ּ ϼ)
[2026-07-09 15:00:01] װ  ڵȭ ڿ  ӽ ߴܵǾϴ. (ٽ Ϸ Ʒ check_flights() ּ ϼ)
[2026-07-10 10:00:01] װ  ڵȭ ڿ  ӽ ߴܵǾϴ. (ٽ Ϸ Ʒ check_flights() ּ ϼ)
[2026-07-10 15:00:01] װ  ڵȭ ڿ  ӽ ߴܵǾϴ. (ٽ Ϸ Ʒ check_flights() ּ ϼ)
[2026-07-13 10:00:01] װ  ڵȭ ڿ  ӽ ߴܵǾϴ. (ٽ Ϸ Ʒ check_flights() ּ ϼ)
[2026-07-13 15:00:01] װ  ڵȭ ڿ  ӽ ߴܵǾϴ. (ٽ Ϸ Ʒ check_flights() ּ ϼ)
[2026-07-14 10:00:01] װ  ڵȭ ڿ  ӽ ߴܵǾϴ. (ٽ Ϸ Ʒ check_flights() ּ ϼ)
[2026-07-14 15:00:01] װ  ڵȭ ڿ  ӽ ߴܵǾϴ. (ٽ Ϸ Ʒ check_flights() ּ ϼ)
[2026-08-10 15:00:01] װ  ڵȭ ڿ  ӽ ߴܵǾϴ. (ٽ Ϸ Ʒ check_flights() ּ ϼ)
[2026-08-11 15:00:01] װ  ڵȭ ڿ  ӽ ߴܵǾϴ. (ٽ Ϸ Ʒ check_flights() ּ ϼ)
[2026-08-12 10:00:00] װ  ڵȭ ڿ  ӽ ߴܵǾϴ. (ٽ Ϸ Ʒ check_flights() ּ ϼ)
[2026-08-12 15:00:01] װ  ڵȭ ڿ  ӽ ߴܵǾϴ. (ٽ Ϸ Ʒ check_flights() ּ ϼ)
[2026-08-13 10:00:00] װ  ڵȭ ڿ  ӽ ߴܵǾϴ. (ٽ Ϸ Ʒ check_flights() ּ ϼ)
[2026-08-13 15:00:00] װ  ڵȭ ڿ  ӽ ߴܵǾϴ. (ٽ Ϸ Ʒ check_flights() ּ ϼ)
[2026-08-18 10:00:01] װ  ڵȭ ڿ  ӽ ߴܵǾϴ. (ٽ Ϸ Ʒ check_flights() ּ ϼ)
[2026-08-18 15:00:00] װ  ڵȭ ڿ  ӽ ߴܵǾϴ. (ٽ Ϸ Ʒ check_flights() ּ ϼ)
[2026-08-19 10:00:00] װ  ڵȭ ڿ  ӽ ߴܵǾϴ. (ٽ Ϸ Ʒ check_flights() ּ ϼ)
[2026-08-19 15:00:00] װ  ڵȭ ڿ  ӽ ߴܵǾϴ. (ٽ Ϸ Ʒ check_flights() ּ ϼ)
[2026-08-21 10:00:02] װ  ڵȭ ڿ  ӽ ߴܵǾϴ. (ٽ Ϸ Ʒ check_flights() ּ ϼ)
[2026-08-21 15:00:01] װ  ڵȭ ڿ  ӽ ߴܵǾϴ. (ٽ Ϸ Ʒ check_flights() ּ ϼ)
[2026-08-24 10:00:01] װ  ڵȭ ڿ  ӽ ߴܵǾϴ. (ٽ Ϸ Ʒ check_flights() ּ ϼ)
[2026-08-24 15:00:01] װ  ڵȭ ڿ  ӽ ߴܵǾϴ. (ٽ Ϸ Ʒ check_flights() ּ ϼ)
[2026-08-25 10:00:01] װ  ڵȭ ڿ  ӽ ߴܵǾϴ. (ٽ Ϸ Ʒ check_flights() ּ ϼ)
[2026-08-25 15:00:01] װ  ڵȭ ڿ  ӽ ߴܵǾϴ. (ٽ Ϸ Ʒ check_flights() ּ ϼ)
[2026-08-26 10:00:01] װ  ڵȭ ڿ  ӽ ߴܵǾϴ. (ٽ Ϸ Ʒ check_flights() ּ ϼ)
[2026-08-26 15:00:01] װ  ڵȭ ڿ  ӽ ߴܵǾϴ. (ٽ Ϸ Ʒ check_flights() ּ ϼ)
[2026-08-27 10:00:01] װ  ڵȭ ڿ  ӽ ߴܵǾϴ. (ٽ Ϸ Ʒ check_flights() ּ ϼ)
[2026-08-27 15:00:01] װ  ڵȭ ڿ  ӽ ߴܵǾϴ. (ٽ Ϸ Ʒ check_flights() ּ ϼ)
[2026-08-28 10:00:00] װ  ڵȭ ڿ  ӽ ߴܵǾϴ. (ٽ Ϸ Ʒ check_flights() ּ ϼ)
[2026-08-28 15:00:00] װ  ڵȭ ڿ  ӽ ߴܵǾϴ. (ٽ Ϸ Ʒ check_flights() ּ ϼ)
